Archive member included because of file (symbol)

/opt/nodemcu-firmware/sdk/esp_iot_sdk_v1.5.4.1/lib/libmain.a(debug-vector.o)
                              (_DebugExceptionVector)
/opt/nodemcu-firmware/sdk/esp_iot_sdk_v1.5.4.1/lib/libmain.a(double-vector.o)
                              (_DoubleExceptionVector)
/opt/nodemcu-firmware/sdk/esp_iot_sdk_v1.5.4.1/lib/libmain.a(kernel-vector.o)
                              (_KernelExceptionVector)
/opt/nodemcu-firmware/sdk/esp_iot_sdk_v1.5.4.1/lib/libmain.a(nmi-vector.o)
                              (_NMIExceptionVector)
/opt/nodemcu-firmware/sdk/esp_iot_sdk_v1.5.4.1/lib/libmain.a(user-vector.o)
                              (_UserExceptionVector)
/opt/nodemcu-firmware/sdk/esp_iot_sdk_v1.5.4.1/lib/libmain.a(app_main.o)
                              /opt/nodemcu-firmware/sdk/esp_iot_sdk_v1.5.4.1/lib/libmain.a(nmi-vector.o) (NMI_Handler)
/opt/nodemcu-firmware/sdk/esp_iot_sdk_v1.5.4.1/lib/libmain.a(ets_timer.o)
                              /opt/nodemcu-firmware/sdk/esp_iot_sdk_v1.5.4.1/lib/libmain.a(app_main.o) (ets_timer_setfn)
/opt/nodemcu-firmware/sdk/esp_iot_sdk_v1.5.4.1/lib/libmain.a(mem_manager.o)
                              /opt/nodemcu-firmware/sdk/esp_iot_sdk_v1.5.4.1/lib/libmain.a(app_main.o) (pvPortMalloc)
/opt/nodemcu-firmware/sdk/esp_iot_sdk_v1.5.4.1/lib/libmain.a(spi_flash.o)
                              /opt/nodemcu-firmware/sdk/esp_iot_sdk_v1.5.4.1/lib/libmain.a(app_main.o) (spi_flash_get_id)
/opt/nodemcu-firmware/sdk/esp_iot_sdk_v1.5.4.1/lib/libmain.a(user_interface.o)
                              /opt/nodemcu-firmware/sdk/esp_iot_sdk_v1.5.4.1/lib/libmain.a(app_main.o) (done_cb)
/opt/nodemcu-firmware/sdk/esp_iot_sdk_v1.5.4.1/lib/libmain.a(eagle_lib.o)
                              /opt/nodemcu-firmware/sdk/esp_iot_sdk_v1.5.4.1/lib/libmain.a(user_interface.o) (ets_sprintf)
/opt/nodemcu-firmware/sdk/esp_iot_sdk_v1.5.4.1/lib/libmain.a(eagle_lwip_if.o)
                              /opt/nodemcu-firmware/sdk/esp_iot_sdk_v1.5.4.1/lib/libmain.a(user_interface.o) (hostname)
user/.output/eagle/debug/lib/libuser.a(user_main.o)
                              (user_start_trampoline)
user/.output/eagle/debug/lib/libuser.a(user_exceptions.o)
                              user/.output/eagle/debug/lib/libuser.a(user_main.o) (load_non_32_wide_handler)
driver/.output/eagle/debug/lib/libdriver.a(uart.o)
                              user/.output/eagle/debug/lib/libuser.a(user_main.o) (uart_init)
platform/.output/eagle/debug/lib/libplatform.a(platform.o)
                              user/.output/eagle/debug/lib/libuser.a(user_main.o) (platform_init)
platform/.output/eagle/debug/lib/libplatform.a(common.o)
                              platform/.output/eagle/debug/lib/libplatform.a(platform.o) (cmn_platform_init)
platform/.output/eagle/debug/lib/libplatform.a(flash_api.o)
                              user/.output/eagle/debug/lib/libuser.a(user_main.o) (flash_rom_get_size_byte)
platform/.output/eagle/debug/lib/libplatform.a(pin_map.o)
                              platform/.output/eagle/debug/lib/libplatform.a(platform.o) (pin_func)
platform/.output/eagle/debug/lib/libplatform.a(vfs.o)
                              user/.output/eagle/debug/lib/libuser.a(user_main.o) (vfs_mount)
task/.output/eagle/debug/lib/libtask.a(task.o)
                              user/.output/eagle/debug/lib/libuser.a(user_main.o) (task_get_id)
libc/.output/eagle/debug/lib/liblibc.a(dbg_printf.o)
                              user/.output/eagle/debug/lib/libuser.a(user_main.o) (dbg_printf)
lua/.output/eagle/debug/lib/liblua.a(lua.o)
                              user/.output/eagle/debug/lib/libuser.a(user_main.o) (lua_main)
lua/.output/eagle/debug/lib/liblua.a(lapi.o)
                              lua/.output/eagle/debug/lib/liblua.a(lua.o) (lua_gettop)
lua/.output/eagle/debug/lib/liblua.a(lgc.o)
                              lua/.output/eagle/debug/lib/liblua.a(lapi.o) (luaC_step)
lua/.output/eagle/debug/lib/liblua.a(lzio.o)
                              lua/.output/eagle/debug/lib/liblua.a(lapi.o) (luaZ_init)
lua/.output/eagle/debug/lib/liblua.a(lfunc.o)
                              lua/.output/eagle/debug/lib/liblua.a(lapi.o) (luaF_newCclosure)
lua/.output/eagle/debug/lib/liblua.a(ldump.o)
                              lua/.output/eagle/debug/lib/liblua.a(lapi.o) (luaU_dump)
lua/.output/eagle/debug/lib/liblua.a(lmem.o)
                              lua/.output/eagle/debug/lib/liblua.a(lzio.o) (luaM_toobig)
lua/.output/eagle/debug/lib/liblua.a(lauxlib.o)
                              lua/.output/eagle/debug/lib/liblua.a(lua.o) (luaL_loadfsfile)
lua/.output/eagle/debug/lib/liblua.a(ldebug.o)
                              lua/.output/eagle/debug/lib/liblua.a(lauxlib.o) (lua_getstack)
lua/.output/eagle/debug/lib/liblua.a(ltm.o)
                              lua/.output/eagle/debug/lib/liblua.a(lgc.o) (luaT_gettm)
lua/.output/eagle/debug/lib/liblua.a(lrotable.o)
[...]
Memory Configuration

Name             Origin             Length             Attributes
dport0_0_seg     0x000000003ff00000 0x0000000000000010
dram0_0_seg      0x000000003ffe8000 0x0000000000014000
iram1_0_seg      0x0000000040100000 0x0000000000008000
irom0_0_seg      0x0000000040210000 0x00000000000d0000
*default*        0x0000000000000000 0xffffffffffffffff

Linker script and memory map

                0x0000000040002aa8                strcmp = ets_strcmp
                0x0000000040002a88                strcpy = ets_strcpy
                0x0000000040002ac8                strlen = ets_strlen
                0x0000000040002ab8                strncmp = ets_strncmp
                0x0000000040002a98                strncpy = ets_strncpy
                0x0000000040002ad8                strstr = ets_strstr
                0x00000000400018d4                memcmp = ets_memcmp
                0x00000000400018b4                memcpy = ets_memcpy
                0x00000000400018c4                memmove = ets_memmove
                0x00000000400018a4                memset = ets_memset
START GROUP
LOAD /opt/esp-open-sdk/xtensa-lx106-elf/bin/../lib/gcc/xtensa-lx106-elf/4.8.2/../../../../xtensa-lx106-elf/lib/libc.a
LOAD /opt/nodemcu-firmware/sdk/esp_iot_sdk_v1.5.4.1/lib/libgcc.a
LOAD /opt/esp-open-sdk/xtensa-lx106-elf/bin/../xtensa-lx106-elf/sysroot/usr/lib/libhal.a
LOAD /opt/nodemcu-firmware/sdk/esp_iot_sdk_v1.5.4.1/lib/libphy.a
LOAD /opt/nodemcu-firmware/sdk/esp_iot_sdk_v1.5.4.1/lib/libpp.a
LOAD /opt/nodemcu-firmware/sdk/esp_iot_sdk_v1.5.4.1/lib/libnet80211.a
LOAD /opt/nodemcu-firmware/sdk/esp_iot_sdk_v1.5.4.1/lib/libwpa.a
LOAD /opt/nodemcu-firmware/sdk/esp_iot_sdk_v1.5.4.1/lib/libwpa2.a
LOAD /opt/nodemcu-firmware/sdk/esp_iot_sdk_v1.5.4.1/lib/libmain.a
LOAD /opt/nodemcu-firmware/sdk/esp_iot_sdk_v1.5.4.1/lib/libsmartconfig.a
LOAD /opt/nodemcu-firmware/sdk/esp_iot_sdk_v1.5.4.1/lib/libssl.a
LOAD /opt/nodemcu-firmware/sdk/esp_iot_sdk_v1.5.4.1/lib/libcrypto.a
LOAD user/.output/eagle/debug/lib/libuser.a
LOAD driver/.output/eagle/debug/lib/libdriver.a
LOAD pcm/.output/eagle/debug/lib/pcm.a
LOAD platform/.output/eagle/debug/lib/libplatform.a
LOAD task/.output/eagle/debug/lib/libtask.a
LOAD libc/.output/eagle/debug/lib/liblibc.a
LOAD lua/.output/eagle/debug/lib/liblua.a
LOAD lwip/.output/eagle/debug/lib/liblwip.a
LOAD coap/.output/eagle/debug/lib/coap.a
LOAD mqtt/.output/eagle/debug/lib/mqtt.a
LOAD u8glib/.output/eagle/debug/lib/u8glib.a
LOAD ucglib/.output/eagle/debug/lib/ucglib.a
LOAD smart/.output/eagle/debug/lib/smart.a
LOAD spiffs/.output/eagle/debug/lib/spiffs.a
LOAD fatfs/.output/eagle/debug/lib/libfatfs.a
LOAD cjson/.output/eagle/debug/lib/libcjson.a
LOAD crypto/.output/eagle/debug/lib/libcrypto.a
LOAD dhtlib/.output/eagle/debug/lib/libdhtlib.a
LOAD tsl2561/.output/eagle/debug/lib/tsl2561lib.a
LOAD http/.output/eagle/debug/lib/libhttp.a
LOAD websocket/.output/eagle/debug/lib/libwebsocket.a
LOAD esp-gdbstub/.output/eagle/debug/lib/libgdbstub.a
LOAD net/.output/eagle/debug/lib/libnodemcu_net.a
LOAD modules/.output/eagle/debug/lib/libmodules.a
END GROUP
LOAD /opt/esp-open-sdk/xtensa-lx106-elf/bin/../lib/gcc/xtensa-lx106-elf/4.8.2/../../../../xtensa-lx106-elf/lib/libm.a
                0x0000000040000000                PROVIDE (_memmap_vecbase_reset, 0x40000000)
                0x0000000000000110                _memmap_cacheattr_wb_base = 0x110
                0x0000000000000110                _memmap_cacheattr_wt_base = 0x110
                0x0000000000000220                _memmap_cacheattr_bp_base = 0x220
                0x00000000fffff00f                _memmap_cacheattr_unused_mask = 0xfffff00f
                0x000000002222211f                _memmap_cacheattr_wb_trapnull = 0x2222211f
                0x000000002222211f                _memmap_cacheattr_wba_trapnull = 0x2222211f
                0x000000002222211f                _memmap_cacheattr_wbna_trapnull = 0x2222211f
                0x000000002222211f                _memmap_cacheattr_wt_trapnull = 0x2222211f
                0x000000002222222f                _memmap_cacheattr_bp_trapnull = 0x2222222f
                0x00000000fffff11f                _memmap_cacheattr_wb_strict = 0xfffff11f
                0x00000000fffff11f                _memmap_cacheattr_wt_strict = 0xfffff11f
                0x00000000fffff22f                _memmap_cacheattr_bp_strict = 0xfffff22f
                0x0000000022222112                _memmap_cacheattr_wb_allvalid = 0x22222112
                0x0000000022222112                _memmap_cacheattr_wt_allvalid = 0x22222112
                0x0000000022222222                _memmap_cacheattr_bp_allvalid = 0x22222222
                0x000000002222211f                PROVIDE (_memmap_cacheattr_reset, _memmap_cacheattr_wb_trapnull)

.dport0.rodata  0x000000003ff00000        0x0
                0x000000003ff00000                _dport0_rodata_start = ABSOLUTE (.)
 *(.dport0.rodata)
 *(.dport.rodata)
                0x000000003ff00000                _dport0_rodata_end = ABSOLUTE (.)

.dport0.literal
                0x000000003ff00000        0x0
                0x000000003ff00000                _dport0_literal_start = ABSOLUTE (.)
 *(.dport0.literal)
 *(.dport.literal)
                0x000000003ff00000                _dport0_literal_end = ABSOLUTE (.)

.dport0.data    0x000000003ff00000        0x0
                0x000000003ff00000                _dport0_data_start = ABSOLUTE (.)
 *(.dport0.data)
 *(.dport.data)
                0x000000003ff00000                _dport0_data_end = ABSOLUTE (.)

.text           0x0000000040100000     0x5e4d
                0x0000000040100000                _stext = .
                0x0000000040100000                _text_start = ABSOLUTE (.)
 *(.UserEnter.text)
 .UserEnter.text
                0x0000000040100000        0xd /opt/nodemcu-firmware/sdk/esp_iot_sdk_v1.5.4.1/lib/libmain.a(vector.o)
                                         0x14 (size before relaxing)
                0x0000000040100004                call_user_start
                0x0000000040100010                . = ALIGN (0x10)
 *fill*         0x000000004010000d        0x3 
 *(.DebugExceptionVector.text)
 .DebugExceptionVector.text
                0x0000000040100010        0x6 /opt/nodemcu-firmware/sdk/esp_iot_sdk_v1.5.4.1/lib/libmain.a(debug-vector.o)
                0x0000000040100010                _DebugExceptionVector
                0x0000000040100020                . = ALIGN (0x10)
 *fill*         0x0000000040100016        0xa 
 *(.NMIExceptionVector.text)
 .NMIExceptionVector.text
                0x0000000040100020        0x6 /opt/nodemcu-firmware/sdk/esp_iot_sdk_v1.5.4.1/lib/libmain.a(nmi-vector.o)
                                          0xd (size before relaxing)
                0x0000000040100020                _NMIExceptionVector
                0x0000000040100030                . = ALIGN (0x10)
 *fill*         0x0000000040100026        0xa 
 *(.KernelExceptionVector.text)
 .KernelExceptionVector.text
                0x0000000040100030        0x6 /opt/nodemcu-firmware/sdk/esp_iot_sdk_v1.5.4.1/lib/libmain.a(kernel-vector.o)
                0x0000000040100030                _KernelExceptionVector
                0x0000000040100036        0x4 LONG 0x0
                0x000000004010003a        0x4 LONG 0x0
                0x000000004010003e        0x4 LONG 0x0
                0x0000000040100042        0x4 LONG 0x0
                0x0000000040100050                . = ALIGN (0x10)
 *fill*         0x0000000040100046        0xa 
 *(.UserExceptionVector.text)
 .UserExceptionVector.text
                0x0000000040100050        0x6 /opt/nodemcu-firmware/sdk/esp_iot_sdk_v1.5.4.1/lib/libmain.a(user-vector.o)
                                          0xd (size before relaxing)
                0x0000000040100050                _UserExceptionVector
                0x0000000040100056        0x4 LONG 0x0
                0x000000004010005a        0x4 LONG 0x0
                0x000000004010005e        0x4 LONG 0x0
                0x0000000040100062        0x4 LONG 0x0
                0x0000000040100070                . = ALIGN (0x10)
 *fill*         0x0000000040100066        0xa 
 *(.DoubleExceptionVector.text)
 .DoubleExceptionVector.text
                0x0000000040100070        0x6 /opt/nodemcu-firmware/sdk/esp_iot_sdk_v1.5.4.1/lib/libmain.a(double-vector.o)
                0x0000000040100070                _DoubleExceptionVector
                0x0000000040100076        0x4 LONG 0x0
                0x000000004010007a        0x4 LONG 0x0
                0x000000004010007e        0x4 LONG 0x0
                0x0000000040100082        0x4 LONG 0x0
                0x0000000040100090                . = ALIGN (0x10)
 *fill*         0x0000000040100086        0xa 
 *(.entry.text)
 *(.init.literal)
 *(.init)
 *sdk/esp_iot_sdk_*lib/lib*.a:*(.literal .text)
 .text          0x0000000040100090       0xc7 /opt/nodemcu-firmware/sdk/esp_iot_sdk_v1.5.4.1/lib/libmain.a(nmi-vector.o)
                                         0xcb (size before relaxing)
                0x000000004010009c                _NMILevelVector
 *fill*         0x0000000040100157        0x1 
 .text          0x0000000040100158       0x1e /opt/nodemcu-firmware/sdk/esp_iot_sdk_v1.5.4.1/lib/libmain.a(user-vector.o)
                0x000000004010015c                _UserExceptionVector_1
 *fill*         0x0000000040100176        0x2 
 .text          0x0000000040100178      0x602 /opt/nodemcu-firmware/sdk/esp_iot_sdk_v1.5.4.1/lib/libmain.a(app_main.o)
                                        0x66a (size before relaxing)
                0x00000000401001b0                Cache_Read_Enable_New
                0x00000000401001ec                NmiTimSetFunc
                0x0000000040100214                NMI_Handler
                0x000000004010026c                call_user_start_local
                0x00000000401003cc                wdt_feed
 *fill*         0x000000004010077a        0x2 
 .text          0x000000004010077c      0x3cc /opt/nodemcu-firmware/sdk/esp_iot_sdk_v1.5.4.1/lib/libmain.a(ets_timer.o)
                                        0x450 (size before relaxing)
                0x0000000040100850                ets_timer_setfn
                0x000000004010092c                ets_timer_disarm
                0x00000000401009dc                ets_timer_arm_new
 .text          0x0000000040100b48      0x30f /opt/nodemcu-firmware/sdk/esp_iot_sdk_v1.5.4.1/lib/libmain.a(mem_manager.o)
                                        0x367 (size before relaxing)
                0x0000000040100b4c                prvInsertBlockIntoUsedList
                0x0000000040100b7c                system_show_malloc
                0x0000000040100b7c                pvShowMalloc
                0x0000000040100c08                prvRemoveBlockFromUsedList
                0x0000000040100c34                xPortWantedSizeAlign
                0x0000000040100c5c                pvPortMalloc
                0x0000000040100d24                vPortFree
                0x0000000040100d7c                pvPortCalloc
                0x0000000040100dac                pvPortZalloc
                0x0000000040100dc8                pvPortRealloc
 *fill*         0x0000000040100e57        0x1 
 .text          0x0000000040100e58      0x59d /opt/nodemcu-firmware/sdk/esp_iot_sdk_v1.5.4.1/lib/libmain.a(spi_flash.o)
                                        0x650 (size before relaxing)
                0x0000000040100e5c                Cache_Read_Disable_2
                0x0000000040100e9c                Cache_Read_Enable_2
                0x0000000040100eec                spi_flash_get_unique_id
                0x0000000040101054                spi_flash_get_id
                0x00000000401010b0                spi_flash_read_status
                0x00000000401010e4                spi_flash_write_status
                0x0000000040101164                spi_flash_erase_sector
                0x0000000040101198                spi_flash_write
                0x00000000401011ec                spi_flash_read
                0x0000000040101268                spi_flash_issi_enable_QIO_mode
 *fill*         0x00000000401013f5        0x3 
 .text          0x00000000401013f8      0x2ee /opt/nodemcu-firmware/sdk/esp_iot_sdk_v1.5.4.1/lib/libmain.a(user_interface.o)
                                        0x34a (size before relaxing)
                0x0000000040101414                os_printf_plus
                0x0000000040101540                system_restart_core
                0x0000000040101578                system_deep_sleep_local_2
                0x00000000401015ec                system_get_time
                0x0000000040101604                system_os_post
                0x0000000040101638                system_rtc_mem_write
                0x0000000040101690                system_rtc_mem_read
 *fill*         0x00000000401016e6        0x2 
 .text          0x00000000401016e8       0x53 /opt/nodemcu-firmware/sdk/esp_iot_sdk_v1.5.4.1/lib/libphy.a(phy.o)
                                         0x5f (size before relaxing)
                0x00000000401016f0                register_phy_ops
                0x0000000040101710                register_get_phy_addr
                0x0000000040101718                phy_change_channel
                0x0000000040101730                phy_get_mactime
 *fill*         0x000000004010173b        0x1 
 .text          0x000000004010173c      0x266 /opt/nodemcu-firmware/sdk/esp_iot_sdk_v1.5.4.1/lib/libphy.a(phy_chip_v6_ana.o)
                                        0x276 (size before relaxing)
                0x0000000040101760                phy_adc_read_fast
 *fill*         0x00000000401019a2        0x2 
 .text          0x00000000401019a4       0xb2 /opt/nodemcu-firmware/sdk/esp_iot_sdk_v1.5.4.1/lib/libphy.a(phy_chip_v6_cal.o)
                                         0xba (size before relaxing)
                0x00000000401019a4                unsign_to_sign
                0x00000000401019e0                phy_get_bb_freqoffset
                0x0000000040101a48                phy_get_bb_evm
 *fill*         0x0000000040101a56        0x2 
 .text          0x0000000040101a58       0xef /opt/nodemcu-firmware/sdk/esp_iot_sdk_v1.5.4.1/lib/libphy.a(phy_sleep.o)
                                        0x103 (size before relaxing)
                0x0000000040101a64                pm_rtc_clock_cali
                0x0000000040101b1c                clockgate_watchdog
 *fill*         0x0000000040101b47        0x1 
 .text          0x0000000040101b48     0x1602 /opt/nodemcu-firmware/sdk/esp_iot_sdk_v1.5.4.1/lib/libpp.a(lmac.o)
                                       0x1962 (size before relaxing)
                0x0000000040101b4c                lmacIsActive
                0x0000000040101b60                lmacIsIdle
                0x0000000040101fe0                lmacSetAcParam
                0x0000000040102034                lmacProcessTXStartData
                0x00000000401021b4                lmacProcessTxSuccess
                0x00000000401022f8                GetAccess
                0x0000000040102304                lmacDiscardAgedMSDU
                0x0000000040102318                lmacRecycleMPDU
                0x00000000401028dc                lmacProcessTxTimeout
                0x0000000040102944                lmacProcessAllTxTimeout
                0x0000000040102958                lmacProcessCollisions
                0x00000000401029b8                lmacProcessCollision
                0x0000000040102a3c                lmacMSDUAged
                0x0000000040102dcc                lmacProcessCtsTimeout
                0x0000000040102e04                lmacProcessAckTimeout
                0x0000000040102e5c                lmacProcessRtsStart
                0x0000000040102e68                lmacProcessTxRtsError
                0x0000000040102f08                lmacProcessTxError
                0x0000000040102f98                lmacTxFrame
                0x0000000040103134                lmacRxDone
 *fill*         0x000000004010314a        0x2 
 .text          0x000000004010314c      0x8e1 /opt/nodemcu-firmware/sdk/esp_iot_sdk_v1.5.4.1/lib/libpp.a(pp.o)
                                        0x9fd (size before relaxing)
                0x0000000040103180                pp_soft_wdt_feed_local
                0x0000000040103214                ppProcessTxQ
                0x0000000040103288                ppFetchTxQFirstAvail
                0x00000000401032c8                ppDequeueTxQ
                0x00000000401032f0                ppRollBackTxQ
                0x0000000040103314                ppRecordBarRRC
                0x0000000040103324                ppTxqUpdateBitmap
                0x000000004010334c                ppEnqueueTxDone
                0x0000000040103380                ppEnqueueRxq
                0x0000000040103868                ppDiscardMPDU
                0x000000004010388c                pp_post
                0x0000000040103918                pp_post2
                0x0000000040103940                ppCalTxop
                0x00000000401039c0                ppCalFrameTimes
 *fill*         0x0000000040103a2d        0x3 
 .text          0x0000000040103a30       0xf5 /opt/nodemcu-firmware/sdk/esp_iot_sdk_v1.5.4.1/lib/libpp.a(rate_control.o)
                                        0x109 (size before relaxing)
                0x0000000040103a50                RC_GetAckRate
                0x0000000040103a5c                RC_GetRtsRate
                0x0000000040103a6c                RC_GetAckTime
                0x0000000040103a80                RC_GetCtsTime
                0x0000000040103ab8                RC_GetBlockAckTime
 *fill*         0x0000000040103b25        0x3 
 .text          0x0000000040103b28      0x9a1 /opt/nodemcu-firmware/sdk/esp_iot_sdk_v1.5.4.1/lib/libpp.a(trc.o)
                                        0xa05 (size before relaxing)
                0x0000000040103cfc                rcUpdateTxDone
                0x0000000040103d90                rcUpdateRxDone
                0x0000000040103dec                rcUpdateDataRxDone
                0x0000000040103e08                rcGetSched
                0x0000000040103eec                rcGetRate
                0x00000000401043fc                rcReachRetryLimit
                0x0000000040104414                trc_NeedRTS
 *fill*         0x00000000401044c9        0x3 
 .text          0x00000000401044cc     0x105b /opt/nodemcu-firmware/sdk/esp_iot_sdk_v1.5.4.1/lib/libpp.a(wdev.o)
                                       0x1347 (size before relaxing)
                0x0000000040104870                wDev_MacTim1SetFunc
                0x0000000040104890                wDev_MacTim1Arm
                0x0000000040104924                wDev_ProcessFiq
                0x0000000040104c68                wDev_EnableTransmit
                0x0000000040104ca0                wDev_DisableTransmit
                0x0000000040104cc0                Tx_Copy2Queue
                0x0000000040104d08                wDev_ProcessCollision
                0x0000000040104d2c                wDev_GetTxqCollisions
                0x0000000040104d3c                wDev_ClearTxqCollisions
                0x0000000040104d58                wDev_SetWaitingQueue
                0x0000000040104da0                wDev_ClearWaitingQueue
                0x0000000040104dc4                wDev_SetFrameAckType
                0x0000000040104e24                wDev_AppendRxBlocks
                0x0000000040104f68                wDev_AppendRxAmpduLensBlocks
                0x000000004010503c                wDev_GetBAInfo
                0x0000000040105070                wDevDisableRx
 *fill*         0x0000000040105527        0x1 
 .text          0x0000000040105528       0x4c /opt/nodemcu-firmware/sdk/esp_iot_sdk_v1.5.4.1/lib/libpp.a(esf_buf.o)
                                         0x5c (size before relaxing)
                0x000000004010552c                esf_rx_buf_alloc
 .text          0x0000000040105574       0x23 /opt/nodemcu-firmware/sdk/esp_iot_sdk_v1.5.4.1/lib/libnet80211.a(ieee80211_output.o)
                                         0x27 (size before relaxing)
 *fill*         0x0000000040105597        0x1 
 .text          0x0000000040105598        0xb /opt/nodemcu-firmware/sdk/esp_iot_sdk_v1.5.4.1/lib/libnet80211.a(wl_chm.o)
                0x000000004010559c                chm_get_current_channel
 *fill*         0x00000000401055a3        0x1 
 .literal       0x00000000401055a4        0x4 /opt/nodemcu-firmware/sdk/esp_iot_sdk_v1.5.4.1/lib/libgcc.a(_mulsf3.o)
                                         0x10 (size before relaxing)
 .literal       0x00000000401055a8        0x0 /opt/nodemcu-firmware/sdk/esp_iot_sdk_v1.5.4.1/lib/libgcc.a(_divsf3.o)
                                         0x10 (size before relaxing)
 .literal       0x00000000401055a8        0x0 /opt/nodemcu-firmware/sdk/esp_iot_sdk_v1.5.4.1/lib/libgcc.a(_fixsfsi.o)
                                          0x4 (size before relaxing)
 .text          0x00000000401055a8      0x15d /opt/nodemcu-firmware/sdk/esp_iot_sdk_v1.5.4.1/lib/libgcc.a(_mulsf3.o)
                0x0000000040105620                __mulsf3
 *fill*         0x0000000040105705        0x3 
 .text          0x0000000040105708      0x135 /opt/nodemcu-firmware/sdk/esp_iot_sdk_v1.5.4.1/lib/libgcc.a(_divsf3.o)
                0x0000000040105784                __divsf3
 *fill*         0x000000004010583d        0x3 
 .text          0x0000000040105840       0x40 /opt/nodemcu-firmware/sdk/esp_iot_sdk_v1.5.4.1/lib/libgcc.a(_fixsfsi.o)
                0x0000000040105840                __fixsfsi
 *fill*         0x0000000040105880        0x0 
 *fill*         0x0000000040105880        0x0 
 *fill*         0x0000000040105880        0x0 
 *fill*         0x0000000040105880        0x0 
 *fill*         0x0000000040105880        0x0 
 .text          0x0000000040105880       0x49 /opt/nodemcu-firmware/sdk/esp_iot_sdk_v1.5.4.1/lib/libgcc.a(_modsi3.o)
                0x0000000040105880                __modsi3
 *fill*         0x00000000401058c9        0x0 
 *fill*         0x00000000401058c9        0x0 
 *fill*         0x00000000401058c9        0x0 
 *fill*         0x00000000401058c9        0x0 
 *fill*         0x00000000401058c9        0x0 
 *fill*         0x00000000401058c9        0x0 
 *fill*         0x00000000401058c9        0x0 
 *fill*         0x00000000401058c9        0x0 
 *fill*         0x00000000401058c9        0x0 
 *fill*         0x00000000401058c9        0x3 
 .text          0x00000000401058cc       0x25 /opt/nodemcu-firmware/sdk/esp_iot_sdk_v1.5.4.1/lib/libnet80211.a(ieee80211_hostap.o)
 *fill*         0x00000000401058f1        0x0 
 *fill*         0x00000000401058f1        0x0 
 *fill*         0x00000000401058f1        0x3 
 .text          0x00000000401058f4       0x11 /opt/nodemcu-firmware/sdk/esp_iot_sdk_v1.5.4.1/lib/libwpa.a(wpa_auth.o)
 *fill*         0x0000000040105905        0x3 
 .text          0x0000000040105908       0x18 /opt/nodemcu-firmware/sdk/esp_iot_sdk_v1.5.4.1/lib/libgcc.a(_ashrdi3.o)
                0x0000000040105908                __ashrdi3
 *fill*         0x0000000040105920        0x0 
 *fill*         0x0000000040105920        0x0 
 *(.iram.text .iram0.text)
 .iram0.text    0x0000000040105920       0x9b user/.output/eagle/debug/lib/libuser.a(user_main.o)
                                         0xb3 (size before relaxing)
                0x0000000040105930                user_start_trampoline
 *fill*         0x00000000401059bb        0x1 
 .iram0.text    0x00000000401059bc       0xc9 user/.output/eagle/debug/lib/libuser.a(user_exceptions.o)
                                         0xd5 (size before relaxing)
                0x00000000401059d4                load_non_32_wide_handler
                0x0000000040105a68                __wrap__xtos_set_exception_handler
 *fill*         0x0000000040105a85        0x3 
 .iram0.text    0x0000000040105a88       0xe5 driver/.output/eagle/debug/lib/libdriver.a(uart.o)
                                         0xe9 (size before relaxing)
 *fill*         0x0000000040105b6d        0x3 
 .iram0.text    0x0000000040105b70       0xdf platform/.output/eagle/debug/lib/libplatform.a(platform.o)
                                         0xeb (size before relaxing)
                0x0000000040105c38                platform_sigma_delta_set_target
 *fill*         0x0000000040105c4f        0x1 
 .iram0.text    0x0000000040105c50       0xa3 modules/.output/eagle/debug/lib/libmodules.a(gpio.o)
                                         0xb7 (size before relaxing)
 *fill*         0x0000000040105cf3        0x1 
 .iram0.text    0x0000000040105cf4       0x4b driver/.output/eagle/debug/lib/libdriver.a(sigma_delta.o)
                0x0000000040105cfc                sigma_delta_set_prescale_target
 *fill*         0x0000000040105d3f        0x1 
 .iram0.text    0x0000000040105d40      0x10d platform/.output/eagle/debug/lib/libplatform.a(hw_timer.o)
                                        0x131 (size before relaxing)
                0x0000000040105d84                platform_hw_timer_arm_ticks
                0x0000000040105da4                platform_hw_timer_arm_us
                0x0000000040105dcc                platform_hw_timer_get_delay_ticks
                0x0000000040105dfc                platform_hw_timer_close
 *fill*         0x0000000040105e4d        0x0 
 *fill*         0x0000000040105e4d        0x0 
 *fill*         0x0000000040105e4d        0x0 
 *fill*         0x0000000040105e4d        0x0 
 *fill*         0x0000000040105e4d        0x0 
 *fill*         0x0000000040105e4d        0x0 
 *(.stub .gnu.warning .gnu.linkonce.literal.* .gnu.linkonce.t.*.literal .gnu.linkonce.t.*)
 *(.fini.literal)
 *(.fini)
 *(.gnu.version)
                0x0000000040105e4d                _text_end = ABSOLUTE (.)
                0x0000000040105e4d                _etext = .

.data           0x000000003ffe8000      0x894
                0x000000003ffe8000                _data_start = ABSOLUTE (.)
 *(.data)
 .data          0x000000003ffe8000        0x4 /opt/nodemcu-firmware/sdk/esp_iot_sdk_v1.5.4.1/lib/libmain.a(nmi-vector.o)
                0x000000003ffe8000                _Pri_3_HandlerAddress
 .data          0x000000003ffe8004        0x1 /opt/nodemcu-firmware/sdk/esp_iot_sdk_v1.5.4.1/lib/libmain.a(app_main.o)
 *fill*         0x000000003ffe8005        0x3 
 .data          0x000000003ffe8008        0x6 /opt/nodemcu-firmware/sdk/esp_iot_sdk_v1.5.4.1/lib/libmain.a(user_interface.o)
                0x000000003ffe8009                timer2_ms_flag
                0x000000003ffe800a                dhcps_flag
                0x000000003ffe800b                dhcpc_flag
                0x000000003ffe800d                reconnect_internal
 *fill*         0x000000003ffe800e        0x2 
 .data          0x000000003ffe8010        0x1 /opt/nodemcu-firmware/sdk/esp_iot_sdk_v1.5.4.1/lib/libmain.a(eagle_lwip_if.o)
                0x000000003ffe8010                default_hostname
 *fill*         0x000000003ffe8011        0x3 
 .data          0x000000003ffe8014        0x4 /opt/esp-open-sdk/xtensa-lx106-elf/bin/../lib/gcc/xtensa-lx106-elf/4.8.2/../../../../xtensa-lx106-elf/lib/libc.a(lib_a-ctype_.o)
                0x000000003ffe8014                __ctype_ptr__
 .data          0x000000003ffe8018       0x7c /opt/esp-open-sdk/xtensa-lx106-elf/bin/../lib/gcc/xtensa-lx106-elf/4.8.2/../../../../xtensa-lx106-elf/lib/libc.a(lib_a-locale.o)
                0x000000003ffe8090                __mb_cur_max
 *fill*         0x000000003ffe8094        0x4 
 .data          0x000000003ffe8098      0x430 /opt/esp-open-sdk/xtensa-lx106-elf/bin/../lib/gcc/xtensa-lx106-elf/4.8.2/../../../../xtensa-lx106-elf/lib/libc.a(lib_a-impure.o)
                0x000000003ffe8098                _impure_ptr
 *fill*         0x000000003ffe84c8        0x8 
 .data          0x000000003ffe84d0       0x53 /opt/nodemcu-firmware/sdk/esp_iot_sdk_v1.5.4.1/lib/libphy.a(phy_chip_v6.o)
                0x000000003ffe84d2                tx_rf_ana_gain
                0x000000003ffe8500                rx_gain_swp
                0x000000003ffe8520                test_rffreq_txcap
 *fill*         0x000000003ffe8523        0x1 
 .data          0x000000003ffe8524        0x1 /opt/nodemcu-firmware/sdk/esp_iot_sdk_v1.5.4.1/lib/libphy.a(phy_chip_v6_cal.o)
                0x000000003ffe8524                rfcal_bb_atten_init
 *fill*         0x000000003ffe8525        0x3 
 .data          0x000000003ffe8528        0x4 /opt/nodemcu-firmware/sdk/esp_iot_sdk_v1.5.4.1/lib/libphy.a(phy_sleep.o)
                0x000000003ffe8528                chip_version
 .data          0x000000003ffe852c        0x1 /opt/nodemcu-firmware/sdk/esp_iot_sdk_v1.5.4.1/lib/libpp.a(pm.o)
 *fill*         0x000000003ffe852d        0x3 
 .data          0x000000003ffe8530        0x1 /opt/nodemcu-firmware/sdk/esp_iot_sdk_v1.5.4.1/lib/libpp.a(pm_for_bcn_only_mode.o)
 *fill*         0x000000003ffe8531        0x3 
 .data          0x000000003ffe8534       0x1c /opt/nodemcu-firmware/sdk/esp_iot_sdk_v1.5.4.1/lib/libpp.a(pp.o)
                0x000000003ffe8534                soft_wdt_interval
                0x000000003ffe8538                NoiseTimerInterval
                0x000000003ffe8540                sleep_start_wait_time
                0x000000003ffe8548                CanDoFreqCal
                0x000000003ffe854c                tcb
 .data          0x000000003ffe8550       0x40 /opt/nodemcu-firmware/sdk/esp_iot_sdk_v1.5.4.1/lib/libpp.a(rate_control.o)
 .data          0x000000003ffe8590      0x24c /opt/nodemcu-firmware/sdk/esp_iot_sdk_v1.5.4.1/lib/libpp.a(trc.o)
 .data          0x000000003ffe87dc        0x8 /opt/nodemcu-firmware/sdk/esp_iot_sdk_v1.5.4.1/lib/libpp.a(wdev.o)
 .data          0x000000003ffe87e4        0x1 /opt/nodemcu-firmware/sdk/esp_iot_sdk_v1.5.4.1/lib/libnet80211.a(ieee80211_hostap.o)
                0x000000003ffe87e4                TmpSTAAPCloseAP
 *fill*         0x000000003ffe87e5        0x3 
 .data          0x000000003ffe87e8        0x1 /opt/nodemcu-firmware/sdk/esp_iot_sdk_v1.5.4.1/lib/libnet80211.a(wl_cnx.o)
 *fill*         0x000000003ffe87e9        0x7 
 .data          0x000000003ffe87f0       0x1c /opt/nodemcu-firmware/sdk/esp_iot_sdk_v1.5.4.1/lib/libnet80211.a(ieee80211_action.o)
 *(.data.*)
 .data.progname
                0x000000003ffe880c        0x4 lua/.output/eagle/debug/lib/liblua.a(lua.o)
 .data.xid$2722
                0x000000003ffe8810        0x4 lwip/.output/eagle/debug/lib/liblwip.a(dhcp.o)
 .data.dhcps_lease_time
                0x000000003ffe8814        0x4 lwip/.output/eagle/debug/lib/liblwip.a(dhcpserver.o)
                0x000000003ffe8814                dhcps_lease_time
 .data.offer    0x000000003ffe8818        0x1 lwip/.output/eagle/debug/lib/liblwip.a(dhcpserver.o)
 *fill*         0x000000003ffe8819        0x3 
 .data.iss$2812
                0x000000003ffe881c        0x4 lwip/.output/eagle/debug/lib/liblwip.a(tcp.o)
 .data.port$2668
                0x000000003ffe8820        0x2 lwip/.output/eagle/debug/lib/liblwip.a(tcp.o)
 *fill*         0x000000003ffe8822        0x2 
 .data.is_current_drive
                0x000000003ffe8824        0x4 spiffs/.output/eagle/debug/lib/spiffs.a(spiffs.o)
 .data.uart0_echo
                0x000000003ffe8828        0x1 modules/.output/eagle/debug/lib/libmodules.a(uart.o)
                0x000000003ffe8828                uart0_echo
 *fill*         0x000000003ffe8829        0x1 
 .data.end_char
                0x000000003ffe882a        0x2 modules/.output/eagle/debug/lib/libmodules.a(uart.o)
                0x000000003ffe882a                end_char
 .data.run_input
                0x000000003ffe882c        0x1 modules/.output/eagle/debug/lib/libmodules.a(uart.o)
                0x000000003ffe882c                run_input
 *fill*         0x000000003ffe882d        0x3 
 .data.uart_receive_rf
                0x000000003ffe8830        0x4 modules/.output/eagle/debug/lib/libmodules.a(uart.o)
 .data.serial_debug
                0x000000003ffe8834        0x4 modules/.output/eagle/debug/lib/libmodules.a(node.o)
 .data.output_redir_ref
                0x000000003ffe8838        0x4 modules/.output/eagle/debug/lib/libmodules.a(node.o)
 .data.rtc_cb_ref
                0x000000003ffe883c        0x4 modules/.output/eagle/debug/lib/libmodules.a(file.o)
 .data.file_fd_ref
                0x000000003ffe8840        0x4 modules/.output/eagle/debug/lib/libmodules.a(file.o)
 .data.wifi_scan_succeed
                0x000000003ffe8844        0x4 modules/.output/eagle/debug/lib/libmodules.a(wifi.o)
 .data.tcp_server_timeover
                0x000000003ffe8848        0x2 modules/.output/eagle/debug/lib/libmodules.a(net.o)
 *fill*         0x000000003ffe884a        0x2 
 .data.tcpserver_cb_connect_ref
                0x000000003ffe884c        0x4 modules/.output/eagle/debug/lib/libmodules.a(net.o)
 .data.soft_watchdog
                0x000000003ffe8850        0x4 modules/.output/eagle/debug/lib/libmodules.a(tmr.o)
 .data.wifi_event_cb_ref
                0x000000003ffe8854       0x24 modules/.output/eagle/debug/lib/libmodules.a(wifi_eventmon.o)
 .data.wifi_station_status_cb_ref
                0x000000003ffe8878       0x18 modules/.output/eagle/debug/lib/libmodules.a(wifi_eventmon.o)
 .data.lua_init_value
                0x000000003ffe8890        0x4 libc/.output/eagle/debug/lib/liblibc.a(c_stdlib.o)
                0x000000003ffe8890                lua_init_value
 *(.gnu.linkonce.d.*)
 *(.data1)
 *(.sdata)
 *(.sdata.*)
 *(.gnu.linkonce.s.*)
 *(.sdata2)
 *(.sdata2.*)
 *(.gnu.linkonce.s2.*)
 *(.jcr)
                0x000000003ffe8894                _data_end = ABSOLUTE (.)

.rodata         0x000000003ffe8894       0x88
                0x000000003ffe8894                _rodata_start = ABSOLUTE (.)
 *(.rodata.dram .rodata.dram*)
 .rodata.dram   0x000000003ffe8894       0x80 user/.output/eagle/debug/lib/libuser.a(user_main.o)
 *(.gnu.linkonce.r.*)
                0x000000003ffe8914                __XT_EXCEPTION_TABLE__ = ABSOLUTE (.)
 *(.xt_except_table)
 *(.gcc_except_table)
 *(.gnu.linkonce.e.*)
 *(.gnu.version_r)
 *(.eh_frame)
 *crtbegin.o(.ctors)
 *(EXCLUDE_FILE(*crtend.o) .ctors)
 *(SORT(.ctors.*))
 *(.ctors)
 *crtbegin.o(.dtors)
 *(EXCLUDE_FILE(*crtend.o) .dtors)
 *(SORT(.dtors.*))
 *(.dtors)
                0x000000003ffe8914                __XT_EXCEPTION_DESCS__ = ABSOLUTE (.)
 *(.xt_except_desc)
 *(.gnu.linkonce.h.*)
                0x000000003ffe8914                __XT_EXCEPTION_DESCS_END__ = ABSOLUTE (.)
 *(.xt_except_desc_end)
 *(.dynamic)
 *(.gnu.version_d)
                0x000000003ffe8914                . = ALIGN (0x4)
                0x000000003ffe8914                _bss_table_start = ABSOLUTE (.)
                0x000000003ffe8914        0x4 LONG 0x3ffe8920 _bss_start
                0x000000003ffe8918        0x4 LONG 0x3ffef410 _bss_end
                0x000000003ffe891c                _bss_table_end = ABSOLUTE (.)
                0x000000003ffe891c                _rodata_end = ABSOLUTE (.)

.bss            0x000000003ffe8920     0x6af0
                0x000000003ffe8920                . = ALIGN (0x8)
                0x000000003ffe8920                _bss_start = ABSOLUTE (.)
 *(.dynsbss)
 *(.sbss)
 *(.sbss.*)
 *(.gnu.linkonce.sb.*)
 *(.scommon)
 *(.sbss2)
 *(.sbss2.*)
 *(.gnu.linkonce.sb2.*)
 *(.dynbss)
 *(.bss)
 .bss           0x000000003ffe8920      0x1c0 /opt/nodemcu-firmware/sdk/esp_iot_sdk_v1.5.4.1/lib/libmain.a(nmi-vector.o)
 .bss           0x000000003ffe8ae0       0x45 /opt/nodemcu-firmware/sdk/esp_iot_sdk_v1.5.4.1/lib/libmain.a(app_main.o)
                0x000000003ffe8ae4                info
                0x000000003ffe8b08                lwip_timer_interval
                0x000000003ffe8b0c                check_timeouts_timer
                0x000000003ffe8b20                rf_cal_sec
                0x000000003ffe8b24                user_init_flag
 *fill*         0x000000003ffe8b25        0xb 
 .bss           0x000000003ffe8b30       0x30 /opt/nodemcu-firmware/sdk/esp_iot_sdk_v1.5.4.1/lib/libmain.a(ets_timer.o)
                0x000000003ffe8b30                dbg_timer_flag
                0x000000003ffe8b34                timer_list
                0x000000003ffe8b38                debug_timer
                0x000000003ffe8b3c                debug_timerfn
 .bss           0x000000003ffe8b60       0x3c /opt/nodemcu-firmware/sdk/esp_iot_sdk_v1.5.4.1/lib/libmain.a(mem_manager.o)
 .bss           0x000000003ffe8b9c        0x4 /opt/nodemcu-firmware/sdk/esp_iot_sdk_v1.5.4.1/lib/libmain.a(spi_flash.o)
                0x000000003ffe8b9c                flash_read
 .bss           0x000000003ffe8ba0      0x242 /opt/nodemcu-firmware/sdk/esp_iot_sdk_v1.5.4.1/lib/libmain.a(user_interface.o)
                0x000000003ffe8c97                deep_sleep_flag
                0x000000003ffe8c98                cpu_overclock
                0x000000003ffe8c9c                event_cb
                0x000000003ffe8ca0                status_led_output_level
                0x000000003ffe8ca4                done_cb
                0x000000003ffe8ca8                rst_if
                0x000000003ffe8cc4                default_interface
                0x000000003ffe8cc5                OpmodChgIsOnGoing
                0x000000003ffe8cc8                promiscuous_cb
                0x000000003ffe8ce0                event_TaskQueue
 *fill*         0x000000003ffe8de2        0x2 
 .bss           0x000000003ffe8de4        0xc /opt/nodemcu-firmware/sdk/esp_iot_sdk_v1.5.4.1/lib/libmain.a(eagle_lwip_if.o)
                0x000000003ffe8de4                hostname
 .bss           0x000000003ffe8df0        0x4 /opt/nodemcu-firmware/sdk/esp_iot_sdk_v1.5.4.1/lib/libphy.a(phy.o)
 .bss           0x000000003ffe8df4        0x2 /opt/nodemcu-firmware/sdk/esp_iot_sdk_v1.5.4.1/lib/libphy.a(phy_chip_v6_ana.o)
                0x000000003ffe8df4                tout_dis_txpwr_track
                0x000000003ffe8df5                sleep_mode_flag
 *fill*         0x000000003ffe8df6        0x2 
 .bss           0x000000003ffe8df8      0x15b /opt/nodemcu-firmware/sdk/esp_iot_sdk_v1.5.4.1/lib/libphy.a(phy_chip_v6.o)
                0x000000003ffe8df8                g_phyFuns
                0x000000003ffe8dfc                rxiq_compute_num
                0x000000003ffe8e00                rx_table_renew_en
                0x000000003ffe8e04                check_result
                0x000000003ffe8e08                chip6_sleep_params
                0x000000003ffe8e9c                chip6_phy_init_ctrl
                0x000000003ffe8f10                phy_freq_offset
                0x000000003ffe8f12                do_pwctrl_flag
                0x000000003ffe8f13                txbk_dpdby_flag
                0x000000003ffe8f15                sw_scan_mode
                0x000000003ffe8f16                rxmax_ext_level
                0x000000003ffe8f18                phy_rx_gain_dc_table
                0x000000003ffe8f2c                periodic_cal_dc_num
                0x000000003ffe8f30                periodic_cal_flag
                0x000000003ffe8f31                bbpll_cal_flag
                0x000000003ffe8f32                phy_in_most_power
                0x000000003ffe8f33                init_rf_no_cal
                0x000000003ffe8f34                test_print_time
                0x000000003ffe8f38                phy_rx_gain_dc_flag
                0x000000003ffe8f39                phy_in_vdd33_offset
                0x000000003ffe8f3a                phy_set_most_tpw_disbg
                0x000000003ffe8f3b                phy_set_most_tpw_index
                0x000000003ffe8f3c                adc_rand_noise
                0x000000003ffe8f40                dpd_bypass_original
                0x000000003ffe8f42                phy_txpwr_diff_flash
                0x000000003ffe8f48                noise_array
 *fill*         0x000000003ffe8f53        0x1 
 .bss           0x000000003ffe8f54        0x9 /opt/nodemcu-firmware/sdk/esp_iot_sdk_v1.5.4.1/lib/libphy.a(phy_chip_v6_cal.o)
                0x000000003ffe8f54                phy_tx_power_out
                0x000000003ffe8f56                phy_tx_pwr_error
                0x000000003ffe8f58                tx_pwctrl_track_num
                0x000000003ffe8f59                rxiq_cover_fail_num
                0x000000003ffe8f5a                phy_meas_freq_offset
                0x000000003ffe8f5c                tx_pwctrl_pk_num
 *fill*         0x000000003ffe8f5d        0x3 
 .bss           0x000000003ffe8f60        0x7 /opt/nodemcu-firmware/sdk/esp_iot_sdk_v1.5.4.1/lib/libphy.a(phy_sleep.o)
                0x000000003ffe8f60                periodic_cal_sat
                0x000000003ffe8f62                lslp_mem_opt_8266
                0x000000003ffe8f64                software_slp_reject
                0x000000003ffe8f65                SDIO_slp_reject
                0x000000003ffe8f66                hardware_reject
 *fill*         0x000000003ffe8f67        0x9 
 .bss           0x000000003ffe8f70       0x40 /opt/nodemcu-firmware/sdk/esp_iot_sdk_v1.5.4.1/lib/libpp.a(if_hwctrl.o)
                0x000000003ffe8f70                interface_mask
                0x000000003ffe8f90                if_ctrl
 .bss           0x000000003ffe8fb0      0x150 /opt/nodemcu-firmware/sdk/esp_iot_sdk_v1.5.4.1/lib/libpp.a(lmac.o)
                0x000000003ffe8fb4                lmacConfMib
                0x000000003ffe8fd8                our_tx_eb
 .bss           0x000000003ffe9100      0x11a /opt/nodemcu-firmware/sdk/esp_iot_sdk_v1.5.4.1/lib/libpp.a(pm.o)
                0x000000003ffe9100                pmc
 *fill*         0x000000003ffe921a        0x2 
 .bss           0x000000003ffe921c       0x38 /opt/nodemcu-firmware/sdk/esp_iot_sdk_v1.5.4.1/lib/libpp.a(pm_for_bcn_only_mode.o)
 *fill*         0x000000003ffe9254        0xc 
 .bss           0x000000003ffe9260      0x322 /opt/nodemcu-firmware/sdk/esp_iot_sdk_v1.5.4.1/lib/libpp.a(pp.o)
                0x000000003ffe9278                pend_flag_noise_check
                0x000000003ffe9280                pend_flag_periodic_cal
                0x000000003ffe9298                idle_timer_reopen_flag
                0x000000003ffe929a                dbg_stop_sw_wdt
                0x000000003ffe929b                dbg_stop_hw_wdt
                0x000000003ffe929d                total_buffed_eb_num
                0x000000003ffe92a0                HighestFreqOffsetInOneChk
                0x000000003ffe92a2                LowestFreqOffsetInOneChk
                0x000000003ffe92a4                DefFreqCalTimer
                0x000000003ffe92b8                PktNumInOneChk
                0x000000003ffe9440                buffed_eb_arr
 *fill*         0x000000003ffe9582        0xe 
 .bss           0x000000003ffe9590      0x100 /opt/nodemcu-firmware/sdk/esp_iot_sdk_v1.5.4.1/lib/libpp.a(rate_control.o)
 .bss           0x000000003ffe9690      0x46c /opt/nodemcu-firmware/sdk/esp_iot_sdk_v1.5.4.1/lib/libpp.a(trc.o)
 *fill*         0x000000003ffe9afc        0x4 
 .bss           0x000000003ffe9b00     0x2f88 /opt/nodemcu-firmware/sdk/esp_iot_sdk_v1.5.4.1/lib/libpp.a(wdev.o)
                0x000000003ffe9b00                wDevCtrl
                0x000000003ffe9ca8                WdevTimOffSet
 *fill*         0x000000003ffeca88        0x8 
 .bss           0x000000003ffeca90      0xaa4 /opt/nodemcu-firmware/sdk/esp_iot_sdk_v1.5.4.1/lib/libpp.a(esf_buf.o)
 .bss           0x000000003ffed534      0x67c /opt/nodemcu-firmware/sdk/esp_iot_sdk_v1.5.4.1/lib/libnet80211.a(ieee80211.o)
                0x000000003ffed534                g_ic
 .bss           0x000000003ffedbb0       0x56 /opt/nodemcu-firmware/sdk/esp_iot_sdk_v1.5.4.1/lib/libnet80211.a(ieee80211_hostap.o)
                0x000000003ffedbb0                BcnEb_update
                0x000000003ffedbbd                BcnWithMcastSendStart
                0x000000003ffedbbe                BcnWithMcastSendCnt
                0x000000003ffedbd8                PendFreeBcnEb
                0x000000003ffedbdc                ApFreqCalTimer
                0x000000003ffedbf0                APRecvBcnStartTick
 *fill*         0x000000003ffedc06        0x2 
 .bss           0x000000003ffedc08       0xc8 /opt/nodemcu-firmware/sdk/esp_iot_sdk_v1.5.4.1/lib/libnet80211.a(ieee80211_scan.o)
                0x000000003ffedc08                gScanStruct
                0x000000003ffedcb4                connect_scan_flag
                0x000000003ffedcb5                FreqCalCntForScan
                0x000000003ffedcb6                TestStaFreqCalValInput
                0x000000003ffedcb8                auth_type
                0x000000003ffedcba                scannum
 .bss           0x000000003ffedcd0       0x10 /opt/nodemcu-firmware/sdk/esp_iot_sdk_v1.5.4.1/lib/libnet80211.a(ieee80211_sta.o)
 .bss           0x000000003ffedce0       0x3c /opt/nodemcu-firmware/sdk/esp_iot_sdk_v1.5.4.1/lib/libnet80211.a(wl_chm.o)
 *fill*         0x000000003ffedd1c        0x4 
 .bss           0x000000003ffedd20      0x37e /opt/nodemcu-firmware/sdk/esp_iot_sdk_v1.5.4.1/lib/libnet80211.a(wl_cnx.o)
                0x000000003ffee080                sta_con_timer
                0x000000003ffee094                backup_ni_connect_status
                0x000000003ffee098                g_cnx_probe_rc_list_cb
                0x000000003ffee09c                reconnect_flag
                0x000000003ffee09d                no_ap_found_index
 *fill*         0x000000003ffee09e        0x2 
 .bss           0x000000003ffee0a0       0x10 /opt/nodemcu-firmware/sdk/esp_iot_sdk_v1.5.4.1/lib/libnet80211.a(ieee80211_action_vendor.o)
 .bss           0x000000003ffee0b0      0x26a /opt/nodemcu-firmware/sdk/esp_iot_sdk_v1.5.4.1/lib/libwpa.a(wpa.o)
 *fill*         0x000000003ffee31a        0x6 
 .bss           0x000000003ffee320        0x8 /opt/nodemcu-firmware/sdk/esp_iot_sdk_v1.5.4.1/lib/libnet80211.a(ieee80211_crypto_tkip.o)
 *(.bss.*)
 .bss.input_sig_flag
                0x000000003ffee328        0x1 user/.output/eagle/debug/lib/libuser.a(user_main.o)
 *fill*         0x000000003ffee329        0x3 
 .bss.input_sig
                0x000000003ffee32c        0x4 user/.output/eagle/debug/lib/libuser.a(user_main.o)
 .bss.load_store_handler
                0x000000003ffee330        0x4 user/.output/eagle/debug/lib/libuser.a(user_exceptions.o)
 .bss.called_count$2840
                0x000000003ffee334        0x4 driver/.output/eagle/debug/lib/libdriver.a(uart.o)
 .bss.alt_uart0_tx
                0x000000003ffee338        0x4 driver/.output/eagle/debug/lib/libdriver.a(uart.o)
 .bss.autobaud_timer
                0x000000003ffee33c       0x14 driver/.output/eagle/debug/lib/libdriver.a(uart.o)
 .bss.isr_flag  0x000000003ffee350        0x1 driver/.output/eagle/debug/lib/libdriver.a(uart.o)
 *fill*         0x000000003ffee351        0x3 
 .bss.sig_flag  0x000000003ffee354        0x4 driver/.output/eagle/debug/lib/libdriver.a(uart.o)
 .bss.sig       0x000000003ffee358        0x4 driver/.output/eagle/debug/lib/libdriver.a(uart.o)
 .bss.platform_gpio_hook
                0x000000003ffee35c        0xc platform/.output/eagle/debug/lib/libplatform.a(platform.o)
 .bss.gpio_task_handle
                0x000000003ffee368        0x4 platform/.output/eagle/debug/lib/libplatform.a(platform.o)
 .bss.flash_size$2162
                0x000000003ffee36c        0x4 platform/.output/eagle/debug/lib/libplatform.a(flash_api.o)
 .bss.flash_size$2126
                0x000000003ffee370        0x4 platform/.output/eagle/debug/lib/libplatform.a(flash_api.o)
 .bss.rtc_cb    0x000000003ffee374        0x4 platform/.output/eagle/debug/lib/libplatform.a(vfs.o)
 .bss.task_count
                0x000000003ffee378        0x4 task/.output/eagle/debug/lib/libtask.a(task.o)
 .bss.task_func
                0x000000003ffee37c        0x4 task/.output/eagle/debug/lib/libtask.a(task.o)
 .bss.task_Q    0x000000003ffee380        0xc task/.output/eagle/debug/lib/libtask.a(task.o)
 .bss.last_nl_char
                0x000000003ffee38c        0x1 lua/.output/eagle/debug/lib/liblua.a(lua.o)
 *fill*         0x000000003ffee38d        0x3 
 .bss.globalL   0x000000003ffee390        0x4 lua/.output/eagle/debug/lib/liblua.a(lua.o)
                0x000000003ffee390                globalL
 .bss.lua_crtstate
                0x000000003ffee394        0x4 lua/.output/eagle/debug/lib/liblua.a(lstate.o)
 .bss.renew     0x000000003ffee398        0x1 lwip/.output/eagle/debug/lib/liblwip.a(dhcpserver.o)
 *fill*         0x000000003ffee399        0x3 
 .bss.plist     0x000000003ffee39c        0x4 lwip/.output/eagle/debug/lib/liblwip.a(dhcpserver.o)
 .bss.dhcps_lease
                0x000000003ffee3a0        0xc lwip/.output/eagle/debug/lib/liblwip.a(dhcpserver.o)
 .bss.client_address_plus
                0x000000003ffee3ac        0x4 lwip/.output/eagle/debug/lib/liblwip.a(dhcpserver.o)
 .bss.client_address
                0x000000003ffee3b0        0x4 lwip/.output/eagle/debug/lib/liblwip.a(dhcpserver.o)
 .bss.server_address
                0x000000003ffee3b4        0x4 lwip/.output/eagle/debug/lib/liblwip.a(dhcpserver.o)
 .bss.broadcast_dhcps
                0x000000003ffee3b8        0x4 lwip/.output/eagle/debug/lib/liblwip.a(dhcpserver.o)
 .bss.pcb_dhcps
                0x000000003ffee3bc        0x4 lwip/.output/eagle/debug/lib/liblwip.a(dhcpserver.o)
 .bss.dns_random
                0x000000003ffee3c0        0x2 lwip/.output/eagle/debug/lib/liblwip.a(dns.o)
 *fill*         0x000000003ffee3c2        0x2 
 .bss.dns_payload
                0x000000003ffee3c4        0x4 lwip/.output/eagle/debug/lib/liblwip.a(dns.o)
 .bss.dns_servers
                0x000000003ffee3c8        0x8 lwip/.output/eagle/debug/lib/liblwip.a(dns.o)
 .bss.dns_table
                0x000000003ffee3d0      0x460 lwip/.output/eagle/debug/lib/liblwip.a(dns.o)
 .bss.dns_seqno
                0x000000003ffee830        0x1 lwip/.output/eagle/debug/lib/liblwip.a(dns.o)
 *fill*         0x000000003ffee831        0x3 
 .bss.dns_pcb   0x000000003ffee834        0x4 lwip/.output/eagle/debug/lib/liblwip.a(dns.o)
 .bss.etharp_cached_entry
                0x000000003ffee838        0x1 lwip/.output/eagle/debug/lib/liblwip.a(etharp.o)
 *fill*         0x000000003ffee839        0x3 
 .bss.arp_table
                0x000000003ffee83c       0xf0 lwip/.output/eagle/debug/lib/liblwip.a(etharp.o)
 .bss.ip_id     0x000000003ffee92c        0x2 lwip/.output/eagle/debug/lib/liblwip.a(ip.o)
 .bss.str$2213  0x000000003ffee92e       0x10 lwip/.output/eagle/debug/lib/liblwip.a(ip_addr.o)
 .bss.netifnum$2765
                0x000000003ffee93e        0x1 lwip/.output/eagle/debug/lib/liblwip.a(netif.o)
 *fill*         0x000000003ffee93f        0x1 
 .bss.raw_pcbs  0x000000003ffee940        0x4 lwip/.output/eagle/debug/lib/liblwip.a(raw.o)
 .bss.tcp_timer
                0x000000003ffee944        0x1 lwip/.output/eagle/debug/lib/liblwip.a(tcp.o)
 *fill*         0x000000003ffee945        0x3 
 .bss.recv_data
                0x000000003ffee948        0x4 lwip/.output/eagle/debug/lib/liblwip.a(tcp_in.o)
 .bss.recv_flags
                0x000000003ffee94c        0x1 lwip/.output/eagle/debug/lib/liblwip.a(tcp_in.o)
 *fill*         0x000000003ffee94d        0x1 
 .bss.tcplen    0x000000003ffee94e        0x2 lwip/.output/eagle/debug/lib/liblwip.a(tcp_in.o)
 .bss.flags     0x000000003ffee950        0x1 lwip/.output/eagle/debug/lib/liblwip.a(tcp_in.o)
 *fill*         0x000000003ffee951        0x3 
 .bss.ackno     0x000000003ffee954        0x4 lwip/.output/eagle/debug/lib/liblwip.a(tcp_in.o)
 .bss.seqno     0x000000003ffee958        0x4 lwip/.output/eagle/debug/lib/liblwip.a(tcp_in.o)
 .bss.iphdr     0x000000003ffee95c        0x4 lwip/.output/eagle/debug/lib/liblwip.a(tcp_in.o)
 .bss.tcphdr    0x000000003ffee960        0x4 lwip/.output/eagle/debug/lib/liblwip.a(tcp_in.o)
 .bss.inseg     0x000000003ffee964       0x14 lwip/.output/eagle/debug/lib/liblwip.a(tcp_in.o)
 .bss.tcpip_tcp_timer_active
                0x000000003ffee978        0x4 lwip/.output/eagle/debug/lib/liblwip.a(timers.o)
 .bss.timeouts_last_time
                0x000000003ffee97c        0x4 lwip/.output/eagle/debug/lib/liblwip.a(timers.o)
 .bss.next_timeout
                0x000000003ffee980        0x4 lwip/.output/eagle/debug/lib/liblwip.a(timers.o)
 .bss.randnum$3731
                0x000000003ffee984        0x4 lwip/.output/eagle/debug/lib/liblwip.a(espconn.o)
 .bss.pserver_list
                0x000000003ffee988        0x4 lwip/.output/eagle/debug/lib/liblwip.a(espconn.o)
                0x000000003ffee988                pserver_list
 .bss.plink_active
                0x000000003ffee98c        0x4 lwip/.output/eagle/debug/lib/liblwip.a(espconn.o)
                0x000000003ffee98c                plink_active
 .bss.allrouters
                0x000000003ffee990        0x4 lwip/.output/eagle/debug/lib/liblwip.a(igmp.o)
 .bss.allsystems
                0x000000003ffee994        0x4 lwip/.output/eagle/debug/lib/liblwip.a(igmp.o)
 .bss.igmp_group_list
                0x000000003ffee998        0x4 lwip/.output/eagle/debug/lib/liblwip.a(igmp.o)
 .bss.myspiffs_cache
                0x000000003ffee99c      0x240 spiffs/.output/eagle/debug/lib/spiffs.a(spiffs.o)
 .bss.spiffs_fds
                0x000000003ffeebdc       0x90 spiffs/.output/eagle/debug/lib/spiffs.a(spiffs.o)
 .bss.spiffs_work_buf
                0x000000003ffeec6c      0x200 spiffs/.output/eagle/debug/lib/spiffs.a(spiffs.o)
 .bss.need_len  0x000000003ffeee6c        0x2 modules/.output/eagle/debug/lib/libmodules.a(uart.o)
                0x000000003ffeee6c                need_len
 *fill*         0x000000003ffeee6e        0x2 
 .bss.do_node_task_handle
                0x000000003ffeee70        0x4 modules/.output/eagle/debug/lib/libmodules.a(node.o)
 .bss.heap_mem$4346
                0x000000003ffeee74        0x4 modules/.output/eagle/debug/lib/libmodules.a(file.o)
 .bss.file_fd   0x000000003ffeee78        0x4 modules/.output/eagle/debug/lib/libmodules.a(file.o)
 .bss.serout    0x000000003ffeee7c       0x20 modules/.output/eagle/debug/lib/libmodules.a(gpio.o)
 .bss.gpio_cb_ref
                0x000000003ffeee9c       0x34 modules/.output/eagle/debug/lib/libmodules.a(gpio.o)
 .bss.FLAG_wifi_force_sleep_enabled
                0x000000003ffeeed0        0x1 modules/.output/eagle/debug/lib/libmodules.a(wifi.o)
 .bss.getap_output_format
                0x000000003ffeeed1        0x1 modules/.output/eagle/debug/lib/libmodules.a(wifi.o)
 *fill*         0x000000003ffeeed2        0x2 
 .bss.dns_reconn_count
                0x000000003ffeeed4        0x4 modules/.output/eagle/debug/lib/libmodules.a(net.o)
 .bss.pUdpServer
                0x000000003ffeeed8        0x4 modules/.output/eagle/debug/lib/libmodules.a(net.o)
 .bss.pTcpServer
                0x000000003ffeeedc        0x4 modules/.output/eagle/debug/lib/libmodules.a(net.o)
 .bss.socket    0x000000003ffeeee0       0x14 modules/.output/eagle/debug/lib/libmodules.a(net.o)
 .bss.socket_num
                0x000000003ffeeef4        0x4 modules/.output/eagle/debug/lib/libmodules.a(net.o)
 .bss.host_ip   0x000000003ffeeef8        0x4 modules/.output/eagle/debug/lib/libmodules.a(net.o)
 .bss.rtc_timer
                0x000000003ffeeefc       0x14 modules/.output/eagle/debug/lib/libmodules.a(tmr.o)
 .bss.alarm_timers
                0x000000003ffeef10       0xfc modules/.output/eagle/debug/lib/libmodules.a(tmr.o)
 *fill*         0x000000003ffef00c        0x4 
 .bss.last_rtc_time_us
                0x000000003ffef010        0x8 modules/.output/eagle/debug/lib/libmodules.a(tmr.o)
 .bss.last_rtc_time
                0x000000003ffef018        0x4 modules/.output/eagle/debug/lib/libmodules.a(tmr.o)
 .bss.rtc_time_cali
                0x000000003ffef01c        0x4 modules/.output/eagle/debug/lib/libmodules.a(tmr.o)
 .bss.wifi_event_queue_tail
                0x000000003ffef020        0x4 modules/.output/eagle/debug/lib/libmodules.a(wifi_eventmon.o)
 .bss.wifi_event_queue_head
                0x000000003ffef024        0x4 modules/.output/eagle/debug/lib/libmodules.a(wifi_eventmon.o)
 .bss.wifi_event_monitor_task_id
                0x000000003ffef028        0x4 modules/.output/eagle/debug/lib/libmodules.a(wifi_eventmon.o)
 .bss.prev_wifi_status
                0x000000003ffef02c        0x1 modules/.output/eagle/debug/lib/libmodules.a(wifi_eventmon.o)
 *fill*         0x000000003ffef02d        0x3 
 .bss.wifi_sta_status_timer
                0x000000003ffef030       0x14 modules/.output/eagle/debug/lib/libmodules.a(wifi_eventmon.o)
 .bss.user_hw_timer_cb
                0x000000003ffef044        0x4 platform/.output/eagle/debug/lib/libplatform.a(hw_timer.o)
 .bss.callback_arg
                0x000000003ffef048        0x4 platform/.output/eagle/debug/lib/libplatform.a(hw_timer.o)
 .bss.the_owner
                0x000000003ffef04c        0x4 platform/.output/eagle/debug/lib/libplatform.a(hw_timer.o)
 *(.gnu.linkonce.b.*)
 *(COMMON)
 COMMON         0x000000003ffef050       0x6c platform/.output/eagle/debug/lib/libplatform.a(pin_map.o)
                0x000000003ffef050                pin_mux
                0x000000003ffef084                pin_int_type
                0x000000003ffef091                pin_num_inv
                0x000000003ffef0a2                pin_func
                0x000000003ffef0af                pin_num
 COMMON         0x000000003ffef0bc      0x11c lua/.output/eagle/debug/lib/liblua.a(lua.o)
                0x000000003ffef0bc                gLoad
                0x000000003ffef0d8                line_buffer
 COMMON         0x000000003ffef1d8       0x34 lwip/.output/eagle/debug/lib/liblwip.a(dhcp.o)
                0x000000003ffef1d8                dhcp_rx_options_given
                0x000000003ffef1e4                dhcp_rx_options_val
 COMMON         0x000000003ffef20c       0x78 lwip/.output/eagle/debug/lib/liblwip.a(espconn_tcp.o)
                0x000000003ffef20c                espconn_TaskQueue
 COMMON         0x000000003ffef284       0x10 lwip/.output/eagle/debug/lib/liblwip.a(ip.o)
                0x000000003ffef284                current_iphdr_src
                0x000000003ffef288                current_netif
                0x000000003ffef28c                current_iphdr_dest
                0x000000003ffef290                current_header
 COMMON         0x000000003ffef294        0x8 lwip/.output/eagle/debug/lib/liblwip.a(netif.o)
                0x000000003ffef294                netif_list
                0x000000003ffef298                netif_default
 COMMON         0x000000003ffef29c       0x18 lwip/.output/eagle/debug/lib/liblwip.a(tcp.o)
                0x000000003ffef29c                tcp_active_pcbs
                0x000000003ffef2a0                tcp_ticks
                0x000000003ffef2a4                tcp_listen_pcbs
                0x000000003ffef2a8                tcp_tmp_pcb
                0x000000003ffef2ac                tcp_bound_pcbs
                0x000000003ffef2b0                tcp_tw_pcbs
 COMMON         0x000000003ffef2b4        0x4 lwip/.output/eagle/debug/lib/liblwip.a(tcp_in.o)
                0x000000003ffef2b4                tcp_input_pcb
 COMMON         0x000000003ffef2b8        0x4 lwip/.output/eagle/debug/lib/liblwip.a(udp.o)
                0x000000003ffef2b8                udp_pcbs
 COMMON         0x000000003ffef2bc       0xdc lwip/.output/eagle/debug/lib/liblwip.a(espconn.o)
                0x000000003ffef2bc                premot
                0x000000003ffef370                pktinfo
 COMMON         0x000000003ffef398       0x74 spiffs/.output/eagle/debug/lib/spiffs.a(spiffs.o)
                0x000000003ffef398                fs
                0x000000003ffef410                . = ALIGN (0x8)
 *fill*         0x000000003ffef40c        0x4 
                0x000000003ffef410                _bss_end = ABSOLUTE (.)
                0x000000003ffef410                _heap_start = ABSOLUTE (.)

.lit4           0x0000000040105e50        0x0
                0x0000000040105e50                _lit4_start = ABSOLUTE (.)
 *(*.lit4)
 *(.lit4.*)
 *(.gnu.linkonce.lit4.*)
                0x0000000040105e50                _lit4_end = ABSOLUTE (.)

.irom0.text     0x0000000040210000    0x4f6c4
                0x0000000040210000                _irom0_text_start = ABSOLUTE (.)
 *(.servercert.flash)
 *(.clientcert.flash)
 *(.irom0.literal .irom.literal .irom.text.literal .irom0.text .irom.text)
 .irom0.text    0x0000000040210000      0xc15 /opt/nodemcu-firmware/sdk/esp_iot_sdk_v1.5.4.1/lib/libmain.a(app_main.o)
                                        0xe79 (size before relaxing)
                0x0000000040210220                wdt_init
                0x00000000402102c8                user_uart_wait_tx_fifo_empty
                0x0000000040210590                flash_data_check
 *fill*         0x0000000040210c15        0x3 ffffffff
 .irom0.text    0x0000000040210c18      0x186 /opt/nodemcu-firmware/sdk/esp_iot_sdk_v1.5.4.1/lib/libmain.a(ets_timer.o)
                                        0x1b2 (size before relaxing)
                0x0000000040210c20                ets_timer_done
                0x0000000040210c6c                ets_timer_handler_isr
                0x0000000040210d3c                ets_timer_init
 *fill*         0x0000000040210d9e        0x2 ffffffff
 .irom0.text    0x0000000040210da0       0xf0 /opt/nodemcu-firmware/sdk/esp_iot_sdk_v1.5.4.1/lib/libmain.a(mem_manager.o)
                                         0xf8 (size before relaxing)
                0x0000000040210da0                check_memleak_debug_enable
                0x0000000040210e10                xPortGetFreeHeapSize
                0x0000000040210e18                vPortInitialiseBlocks
 .irom0.text    0x0000000040210e90     0x3655 /opt/nodemcu-firmware/sdk/esp_iot_sdk_v1.5.4.1/lib/libmain.a(user_interface.o)
                                       0x4109 (size before relaxing)
                0x0000000040210e94                system_set_os_print
                0x0000000040210ea4                system_get_os_print
                0x000000004021106c                system_pp_recycle_rx_pkt
                0x0000000040211088                system_adc_read
                0x00000000402110c8                system_adc_read_fast
                0x0000000040211128                system_get_vdd33
                0x0000000040211154                system_restart_hook
                0x000000004021116c                system_restart_local
                0x000000004021124c                system_restart
                0x00000000402112a4                system_restore
                0x000000004021130c                system_get_flash_size_map
                0x000000004021132c                system_get_boot_version
                0x0000000040211364                system_get_test_result
                0x000000004021138c                system_get_userbin_addr
                0x0000000040211424                system_get_boot_mode
                0x0000000040211454                system_restart_enhance
                0x0000000040211584                system_upgrade_userbin_set
                0x00000000402115d0                system_upgrade_userbin_check
                0x0000000040211610                system_upgrade_flag_set
                0x0000000040211624                system_upgrade_flag_check
                0x000000004021164c                system_upgrade_reboot
                0x000000004021177c                system_deep_sleep_instant
                0x0000000040211914                system_deep_sleep
                0x0000000040211974                system_deep_sleep_set_option
                0x0000000040211990                system_phy_temperature_alert
                0x00000000402119a4                system_phy_set_max_tpw
                0x00000000402119b8                system_phy_set_tpw_via_vdd33
                0x00000000402119cc                system_phy_set_rfoption
                0x00000000402119e0                system_phy_set_powerup_option
                0x00000000402119f8                system_update_cpu_freq
                0x0000000040211a54                system_get_cpu_freq
                0x0000000040211a6c                system_overclock
                0x0000000040211a98                system_restoreclock
                0x0000000040211ac8                system_timer_reinit
                0x0000000040211ae0                system_relative_time
                0x0000000040211b04                system_station_got_ip_set
                0x0000000040211c30                system_print_meminfo
                0x0000000040211c90                system_get_free_heap_size
                0x0000000040211ca4                system_get_chip_id
                0x0000000040211cc8                system_rtc_clock_cali_proc
                0x0000000040211cdc                system_get_rtc_time
                0x0000000040211cf0                system_mktime
                0x0000000040211dc0                system_init_done_cb
                0x0000000040211dc8                system_get_rst_info
                0x0000000040211dd0                system_get_data_of_array_8
                0x0000000040211df4                system_get_data_of_array_16
                0x0000000040211e1c                system_get_string_from_flash
                0x0000000040211e88                wifi_softap_dhcps_start
                0x0000000040211ed0                wifi_softap_dhcps_stop
                0x0000000040211f10                wifi_softap_dhcps_status
                0x0000000040211f18                wifi_station_dhcpc_start
                0x0000000040211f70                wifi_station_dhcpc_stop
                0x0000000040211fb0                wifi_station_dhcpc_event
                0x0000000040212024                wifi_station_dhcpc_set_maxtry
                0x0000000040212034                wifi_station_dhcpc_status
                0x00000000402120ac                wifi_get_opmode
                0x00000000402120c0                wifi_get_opmode_default
                0x000000004021213c                wifi_get_broadcast_if
                0x0000000040212178                wifi_set_broadcast_if
                0x00000000402122f0                wifi_set_opmode
                0x0000000040212304                wifi_set_opmode_current
                0x0000000040212318                system_get_checksum
                0x0000000040212360                wifi_param_save_protect_with_check
                0x000000004021241c                system_param_save_with_protect
                0x00000000402124c4                system_save_sys_param
                0x00000000402124f0                system_param_load
                0x0000000040212628                wifi_station_get_config
                0x000000004021263c                wifi_station_get_config_default
                0x000000004021265c                wifi_station_get_ap_info
                0x0000000040212714                wifi_station_ap_number_set
                0x0000000040212aa8                wifi_station_set_config
                0x0000000040212ac0                wifi_station_set_config_current
                0x0000000040212ad8                wifi_station_restore_config
                0x0000000040212af0                wifi_station_get_current_ap_id
                0x0000000040212b04                wifi_station_ap_check
                0x0000000040212b4c                wifi_station_ap_change
                0x0000000040212c78                wifi_station_scan
                0x0000000040212cc4                wifi_station_get_auto_connect
                0x0000000040212cd8                wifi_station_set_auto_connect
                0x0000000040212d30                wifi_station_save_pmk2cache
                0x0000000040212e5c                wifi_station_save_bssid
                0x0000000040212ef8                wifi_station_connect
                0x0000000040212f8c                wifi_station_disconnect
                0x000000004021304c                wifi_station_get_connect_status
                0x000000004021307c                wifi_station_set_reconnect_policy
                0x0000000040213094                wifi_station_get_reconnect_policy
                0x000000004021309c                wifi_station_get_rssi
                0x00000000402130ec                wifi_station_set_default_hostname
                0x0000000040213154                wifi_station_get_hostname
                0x0000000040213184                wifi_station_set_hostname
                0x0000000040213224                wifi_softap_cacl_mac
                0x0000000040213294                wifi_softap_set_default_ssid
                0x0000000040213474                wifi_softap_get_config
                0x0000000040213488                wifi_softap_get_config_default
                0x00000000402137dc                wifi_softap_set_config
                0x00000000402137f0                wifi_softap_set_config_current
                0x0000000040213804                wifi_softap_set_station_info
                0x0000000040213870                wifi_softap_get_station_info
                0x0000000040213920                wifi_softap_free_station_info
                0x0000000040213968                wifi_softap_get_station_num
                0x00000000402139bc                wifi_softap_deauth
                0x0000000040213a6c                wifi_softap_get_beacon_only_mode
                0x0000000040213a80                wifi_softap_set_beacon_only_mode
                0x0000000040213ae4                wifi_register_user_ie_manufacturer_recv_cb
                0x0000000040213af8                wifi_unregister_user_ie_manufacturer_recv_cb
                0x0000000040213b2c                wifi_set_user_ie
                0x0000000040213c3c                wifi_get_user_ie
                0x0000000040213c70                wifi_get_phy_mode
                0x0000000040213c78                wifi_set_phy_mode
                0x0000000040213d40                wifi_set_sleep_type
                0x0000000040213d5c                wifi_get_sleep_type
                0x0000000040213d74                wifi_get_channel
                0x0000000040213d8c                wifi_set_channel
                0x0000000040213dd0                wifi_promiscuous_set_mac
                0x0000000040213e30                wifi_promiscuous_enable
                0x0000000040213f14                wifi_set_promiscuous_rx_cb
                0x0000000040213f24                wifi_get_ip_info
                0x0000000040213fa4                wifi_set_ip_info
                0x0000000040214018                wifi_get_macaddr
                0x0000000040214078                wifi_set_macaddr
                0x0000000040214194                wifi_enable_6m_rate
                0x000000004021419c                wifi_get_user_fixed_rate
                0x00000000402141bc                wifi_set_user_fixed_rate
                0x00000000402141dc                wifi_set_user_sup_rate
                0x0000000040214218                wifi_set_user_rate_limit
                0x000000004021423c                wifi_get_user_limit_rate_mask
                0x0000000040214244                wifi_set_user_limit_rate_mask
                0x000000004021425c                wifi_register_send_pkt_freedom_cb
                0x0000000040214270                wifi_unregister_send_pkt_freedom_cb
                0x000000004021427c                wifi_send_pkt_freedom
                0x00000000402142c8                wifi_rfid_locp_recv_open
                0x00000000402142dc                wifi_rfid_locp_recv_close
                0x00000000402142f0                wifi_register_rfid_locp_recv_cb
                0x0000000040214304                wifi_unregister_rfid_locp_recv_cb
                0x000000004021431c                wifi_status_led_install
                0x0000000040214350                wifi_status_led_uninstall
                0x0000000040214374                wifi_set_status_led_output_level
                0x00000000402143c8                wifi_set_event_handler_cb
                0x0000000040214410                system_os_task
                0x000000004021444c                system_uart_swap
                0x00000000402144ac                system_uart_de_swap
                0x00000000402144e0                system_get_sdk_version
 *fill*         0x00000000402144e5        0x3 ffffffff
 .irom0.text    0x00000000402144e8      0x610 /opt/nodemcu-firmware/sdk/esp_iot_sdk_v1.5.4.1/lib/libmain.a(eagle_lib.o)
                                        0x620 (size before relaxing)
                0x00000000402144ec                divide
                0x0000000040214528                skip_atoi
                0x00000000402146a8                ets_vsnprintf
                0x0000000040214a08                ets_vsprintf
                0x0000000040214a2c                ets_sprintf
                0x0000000040214a54                ets_strcat
                0x0000000040214a74                ets_strrchr
                0x0000000040214aa0                ets_strchr
                0x0000000040214ab8                bit_popcount
                0x0000000040214ad4                ets_snprintf
 .irom0.text    0x0000000040214af8      0x31e /opt/nodemcu-firmware/sdk/esp_iot_sdk_v1.5.4.1/lib/libmain.a(eagle_lwip_if.o)
                                        0x3e6 (size before relaxing)
                0x0000000040214bb0                eagle_lwip_if_alloc
                0x0000000040214d70                eagle_lwip_if_free
                0x0000000040214df4                eagle_lwip_getif
 *fill*         0x0000000040214e16        0x2 ffffffff
 .irom0.text    0x0000000040214e18      0x3fb driver/.output/eagle/debug/lib/libdriver.a(uart.o)
                                        0x43f (size before relaxing)
                0x0000000040214f80                uart0_alt
                0x0000000040215044                uart_tx_one_char
                0x0000000040215090                uart0_tx_buffer
                0x00000000402150c8                uart0_putc
                0x00000000402150f8                uart0_sendStr
                0x0000000040215128                uart_init
                0x000000004021517c                uart_setup
                0x00000000402151b0                uart_set_alt_output_uart0
                0x00000000402151bc                uart_get_config
 *fill*         0x0000000040215213        0x1 ffffffff
 .irom0.text    0x0000000040215214     0x13e8 lwip/.output/eagle/debug/lib/liblwip.a(dhcp.o)
                                       0x15c4 (size before relaxing)
                0x0000000040215fd0                dhcp_set_struct
                0x0000000040215ff8                dhcp_cleanup
                0x000000004021601c                dhcp_inform
                0x00000000402160cc                dhcp_network_changed
                0x0000000040216118                dhcp_arp_reply
                0x00000000402161c8                dhcp_renew
                0x00000000402162ac                dhcp_coarse_tmr
                0x0000000040216338                dhcp_release
                0x0000000040216408                dhcp_fine_tmr
                0x0000000040216504                dhcp_stop
                0x0000000040216540                dhcp_start
 .irom0.text    0x00000000402165fc      0xbbb lwip/.output/eagle/debug/lib/liblwip.a(dhcpserver.o)
                                        0xd4b (size before relaxing)
                0x00000000402167fc                node_insert_to_list
                0x0000000040216838                node_remove_from_list
                0x0000000040216d54                dhcps_start
                0x0000000040216ed8                dhcps_stop
                0x0000000040216f3c                wifi_softap_set_dhcps_lease
                0x0000000040217028                wifi_softap_get_dhcps_lease
                0x0000000040217070                dhcps_coarse_tmr
                0x0000000040217114                wifi_softap_set_dhcps_offer_option
                0x0000000040217154                wifi_softap_set_dhcps_lease_time
                0x0000000040217184                wifi_softap_reset_dhcps_lease_time
                0x00000000402171b0                wifi_softap_get_dhcps_lease_time
 *fill*         0x00000000402171b7        0x1 ffffffff
 .irom0.text    0x00000000402171b8      0x5cf lwip/.output/eagle/debug/lib/liblwip.a(dns.o)
                                        0x68f (size before relaxing)
                0x00000000402175a8                dns_setserver
                0x00000000402175d4                dns_init
                0x0000000040217634                dns_getserver
                0x000000004021764c                dns_tmr
                0x000000004021767c                dns_gethostbyname
 *fill*         0x0000000040217787        0x1 ffffffff
 .irom0.text    0x0000000040217788      0xfc8 lwip/.output/eagle/debug/lib/liblwip.a(espconn_tcp.o)
                                       0x129c (size before relaxing)
                0x0000000040217de4                espconn_kill_oldest_pcb
                0x0000000040217f0c                espconn_kill_pcb
                0x0000000040217f74                espconn_find_current_pcb
                0x000000004021823c                espconn_tcp_sent
                0x0000000040218324                espconn_tcp_disconnect
                0x0000000040218354                espconn_recv_hold
                0x00000000402183a0                espconn_recv_unhold
                0x0000000040218404                espconn_tcp_write
                0x0000000040218528                espconn_tcp_client
                0x0000000040218608                espconn_tcp_server
                0x00000000402186a4                espconn_tcp_delete
                0x0000000040218734                espconn_init
 .irom0.text    0x0000000040218750      0x8f3 lwip/.output/eagle/debug/lib/liblwip.a(etharp.o)
                                        0x9e3 (size before relaxing)
                0x0000000040218994                etharp_tmr
                0x00000000402189ec                etharp_cleanup_netif
                0x0000000040218a28                etharp_find_addr
                0x0000000040218a78                etharp_request
                0x0000000040218bc4                etharp_query
                0x0000000040218d54                etharp_output
                0x0000000040218e4c                ethernet_input
 *fill*         0x0000000040219043        0x1 ffffffff
 .irom0.text    0x0000000040219044       0x49 lwip/.output/eagle/debug/lib/liblwip.a(init.o)
                                         0x71 (size before relaxing)
                0x000000004021904c                lwip_init
 *fill*         0x000000004021908d        0x3 ffffffff
 .irom0.text    0x0000000040219090      0x636 lwip/.output/eagle/debug/lib/liblwip.a(ip.o)
                                        0x6ce (size before relaxing)
                0x0000000040219090                ip_route
                0x000000004021910c                ip_router
                0x0000000040219178                ip_input
                0x0000000040219450                ip_output_if_opt
                0x0000000040219650                ip_output_if
                0x0000000040219678                ip_output
 *fill*         0x00000000402196c6        0x2 ffffffff
 .irom0.text    0x00000000402196c8      0x380 lwip/.output/eagle/debug/lib/liblwip.a(ip_addr.o)
                                        0x3a4 (size before relaxing)
                0x00000000402196c8                ip4_addr_isbroadcast
                0x0000000040219704                ip4_addr_netmask_valid
                0x0000000040219754                ipaddr_aton
                0x000000004021993c                ipaddr_addr
                0x0000000040219958                ipaddr_ntoa_r
                0x0000000040219a34                ipaddr_ntoa
 .irom0.text    0x0000000040219a48      0x290 lwip/.output/eagle/debug/lib/liblwip.a(netif.o)
                                        0x2dc (size before relaxing)
                0x0000000040219a48                netif_init
                0x0000000040219a4c                netif_find
                0x0000000040219a84                netif_set_ipaddr
                0x0000000040219af0                netif_set_addr
                0x0000000040219b24                netif_add
                0x0000000040219b98                netif_set_gw
                0x0000000040219ba0                netif_set_netmask
                0x0000000040219ba8                netif_set_default
                0x0000000040219bb0                netif_set_up
                0x0000000040219bf0                netif_set_down
                0x0000000040219c14                netif_remove
                0x0000000040219c7c                netif_set_link_up
                0x0000000040219cc8                netif_set_link_down
 .irom0.text    0x0000000040219cd8      0x720 lwip/.output/eagle/debug/lib/liblwip.a(pbuf.o)
                                        0x764 (size before relaxing)
                0x0000000040219cd8                pbuf_free_ooseq_new
                0x0000000040219d34                pbuf_header
                0x0000000040219dc0                pbuf_free
                0x0000000040219e3c                pbuf_alloc
                0x0000000040219fac                pbuf_realloc
                0x0000000040219ff8                pbuf_clen
                0x000000004021a00c                pbuf_ref
                0x000000004021a018                pbuf_cat
                0x000000004021a04c                pbuf_chain
                0x000000004021a068                pbuf_dechain
                0x000000004021a0a0                pbuf_copy
                0x000000004021a164                pbuf_copy_partial
                0x000000004021a1f8                pbuf_take
                0x000000004021a26c                pbuf_coalesce
                0x000000004021a2ac                pbuf_get_at
                0x000000004021a2d0                pbuf_memcmp
                0x000000004021a34c                pbuf_memfind
                0x000000004021a3b0                pbuf_strstr
 .irom0.text    0x000000004021a3f8      0x1e1 lwip/.output/eagle/debug/lib/liblwip.a(raw.o)
                                        0x229 (size before relaxing)
                0x000000004021a3fc                raw_input
                0x000000004021a484                raw_bind
                0x000000004021a490                raw_connect
                0x000000004021a49c                raw_recv
                0x000000004021a4a4                raw_sendto
                0x000000004021a548                raw_send
                0x000000004021a560                raw_remove
                0x000000004021a594                raw_new
 *fill*         0x000000004021a5d9        0x3 ffffffff
 .irom0.text    0x000000004021a5dc      0xadb lwip/.output/eagle/debug/lib/liblwip.a(tcp.o)
                                        0xc17 (size before relaxing)
                0x000000004021a5e0                tcp_bind
                0x000000004021a66c                tcp_listen_with_backlog
                0x000000004021a720                tcp_update_rcv_ann_wnd
                0x000000004021a76c                tcp_recved
                0x000000004021a7c4                tcp_seg_free
                0x000000004021a7ec                tcp_segs_free
                0x000000004021a80c                tcp_setprio
                0x000000004021a814                tcp_seg_copy
                0x000000004021a850                tcp_arg
                0x000000004021a854                tcp_recv
                0x000000004021a85c                tcp_sent
                0x000000004021a864                tcp_err
                0x000000004021a86c                tcp_accept
                0x000000004021a870                tcp_poll
                0x000000004021a878                tcp_pcb_purge
                0x000000004021a8d4                tcp_slowtmr
                0x000000004021ab7c                tcp_pcb_remove
                0x000000004021abe8                tcp_close
                0x000000004021ac10                tcp_recv_null
                0x000000004021ac48                tcp_fasttmr
                0x000000004021acdc                tcp_tmr
                0x000000004021ad00                tcp_shutdown
                0x000000004021ad64                tcp_abandon
                0x000000004021adfc                tcp_abort
                0x000000004021ae14                tcp_next_iss
                0x000000004021ae30                tcp_alloc
                0x000000004021af60                tcp_new
                0x000000004021af74                tcp_eff_send_mss
                0x000000004021afa8                tcp_connect
 *fill*         0x000000004021b0b7        0x1 ffffffff
 .irom0.text    0x000000004021b0b8     0x13a7 lwip/.output/eagle/debug/lib/liblwip.a(tcp_in.o)
                                       0x156b (size before relaxing)
                0x000000004021bacc                tcp_input
 *fill*         0x000000004021c45f        0x1 ffffffff
 .irom0.text    0x000000004021c460      0xf37 lwip/.output/eagle/debug/lib/liblwip.a(tcp_out.o)
                                       0x1047 (size before relaxing)
                0x000000004021c650                tcp_write
                0x000000004021c968                tcp_enqueue_flags
                0x000000004021ca28                tcp_send_fin
                0x000000004021ca74                tcp_send_empty_ack
                0x000000004021cb0c                tcp_output
                0x000000004021cf30                tcp_rst
                0x000000004021d074                tcp_rexmit_rto
                0x000000004021d0f8                tcp_rexmit
                0x000000004021d1a4                tcp_rexmit_fast
                0x000000004021d208                tcp_keepalive
                0x000000004021d288                tcp_zero_window_probe
 *fill*         0x000000004021d397        0x1 ffffffff
 .irom0.text    0x000000004021d398      0x283 lwip/.output/eagle/debug/lib/liblwip.a(timers.o)
                                        0x2ef (size before relaxing)
                0x000000004021d39c                sys_timeout
                0x000000004021d424                tcp_timer_needed
                0x000000004021d4a8                sys_timeouts_init
                0x000000004021d534                sys_untimeout
                0x000000004021d588                sys_check_timeouts
                0x000000004021d60c                sys_restart_timeouts
 *fill*         0x000000004021d61b        0x1 ffffffff
 .irom0.text    0x000000004021d61c      0x4f0 lwip/.output/eagle/debug/lib/liblwip.a(udp.o)
                                        0x574 (size before relaxing)
                0x000000004021d620                udp_input
                0x000000004021d7f0                udp_bind
                0x000000004021d86c                udp_sendto_if
                0x000000004021d9b4                udp_sendto
                0x000000004021da08                udp_send
                0x000000004021da24                udp_connect
                0x000000004021da8c                udp_disconnect
                0x000000004021daa0                udp_recv
                0x000000004021daa8                udp_remove
                0x000000004021dadc                udp_new
 .irom0.text    0x000000004021db0c      0xba9 lwip/.output/eagle/debug/lib/liblwip.a(espconn.o)
                                        0xcad (size before relaxing)
                0x000000004021db0c                espconn_copy_partial
                0x000000004021dbc0                espconn_list_creat
                0x000000004021dbe0                espconn_list_delete
                0x000000004021dc04                espconn_pbuf_create
                0x000000004021dc20                espconn_pbuf_delete
                0x000000004021dc40                espconn_find_connection
                0x000000004021dce0                espconn_connect
                0x000000004021ddec                espconn_create
                0x000000004021de38                espconn_sent
                0x000000004021de38                espconn_send
                0x000000004021df20                espconn_sendto
                0x000000004021df7c                espconn_tcp_get_wnd
                0x000000004021df9c                espconn_tcp_set_wnd
                0x000000004021dfc4                espconn_tcp_get_mss
                0x000000004021dfcc                espconn_tcp_get_max_con
                0x000000004021dfdc                espconn_tcp_set_max_con
                0x000000004021dffc                espconn_tcp_get_max_retran
                0x000000004021e00c                espconn_tcp_set_max_retran
                0x000000004021e02c                espconn_tcp_get_max_syn
                0x000000004021e03c                espconn_tcp_set_max_syn
                0x000000004021e05c                espconn_tcp_get_max_con_allow
                0x000000004021e084                espconn_tcp_set_max_con_allow
                0x000000004021e0b8                espconn_tcp_set_buf_count
                0x000000004021e0e8                espconn_regist_sentcb
                0x000000004021e0f8                espconn_regist_write_finish
                0x000000004021e110                espconn_regist_connectcb
                0x000000004021e124                espconn_regist_recvcb
                0x000000004021e134                espconn_regist_reconcb
                0x000000004021e148                espconn_regist_disconcb
                0x000000004021e160                espconn_get_connection_info
                0x000000004021e224                espconn_accept
                0x000000004021e270                espconn_regist_time
                0x000000004021e2d8                espconn_disconnect
                0x000000004021e324                espconn_abort
                0x000000004021e370                espconn_get_packet_info
                0x000000004021e418                espconn_set_opt
                0x000000004021e47c                espconn_clear_opt
                0x000000004021e4e4                espconn_set_keepalive
                0x000000004021e574                espconn_get_keepalive
                0x000000004021e600                espconn_delete
                0x000000004021e648                espconn_port
                0x000000004021e680                espconn_gethostbyname
                0x000000004021e6a0                espconn_dns_setserver
 *fill*         0x000000004021e6b5        0x3 ffffffff
 .irom0.text    0x000000004021e6b8      0x544 lwip/.output/eagle/debug/lib/liblwip.a(espconn_udp.o)
                                        0x6b8 (size before relaxing)
                0x000000004021e788                espconn_udp_sendto
                0x000000004021e978                espconn_udp_sent
                0x000000004021eb1c                espconn_udp_disconnect
                0x000000004021eb58                espconn_udp_server
                0x000000004021ebc4                espconn_igmp_leave
                0x000000004021ebe0                espconn_igmp_join
 .irom0.text    0x000000004021ebfc      0x24f lwip/.output/eagle/debug/lib/liblwip.a(icmp.o)
                                        0x2db (size before relaxing)
                0x000000004021eca8                icmp_input
                0x000000004021ee1c                icmp_dest_unreach
                0x000000004021ee34                icmp_time_exceeded
 *fill*         0x000000004021ee4b        0x1 ffffffff
 .irom0.text    0x000000004021ee4c      0x5b6 lwip/.output/eagle/debug/lib/liblwip.a(igmp.o)
                                        0x62e (size before relaxing)
                0x000000004021efe0                igmp_init
                0x000000004021eff4                igmp_stop
                0x000000004021f058                igmp_report_groups
                0x000000004021f088                igmp_lookfor_group
                0x000000004021f0a4                igmp_start
                0x000000004021f100                igmp_input
                0x000000004021f224                igmp_joingroup
                0x000000004021f2f4                igmp_leavegroup
                0x000000004021f3c8                igmp_tmr
 *fill*         0x000000004021f402        0x2 ffffffff
 .irom0.text    0x000000004021f404       0xfa /opt/nodemcu-firmware/sdk/esp_iot_sdk_v1.5.4.1/lib/libphy.a(phy.o)
                                        0x11e (size before relaxing)
                0x000000004021f408                rf_init
                0x000000004021f424                bb_init
                0x000000004021f43c                phy_init
                0x000000004021f46c                RFChannelSel
                0x000000004021f488                phy_delete_channel
                0x000000004021f4a0                phy_enable_agc
                0x000000004021f4b8                phy_disable_agc
                0x000000004021f4d0                phy_initialize_bb
                0x000000004021f4e8                phy_set_sense
 *fill*         0x000000004021f4fe        0x2 ffffffff
 .irom0.text    0x000000004021f500     0x1777 /opt/nodemcu-firmware/sdk/esp_iot_sdk_v1.5.4.1/lib/libphy.a(phy_chip_v6_ana.o)
                                       0x1973 (size before relaxing)
                0x000000004021f504                ram_pbus_set_rxgain
                0x000000004021f5dc                ram_pbus_debugmode
                0x000000004021f690                ram_pbus_xpd_tx_on
                0x000000004021f6fc                set_rf_freq_offset
                0x000000004021f76c                chip_v6_rxmax_ext_ana
                0x000000004021f8c0                ram_chip_v6_rx_init
                0x000000004021f8f4                tsen_meas
                0x000000004021f9a4                readvdd33
                0x000000004021fb70                txpwr_offset
                0x000000004021fc2c                set_txcap_reg
                0x000000004021fcac                ram_ana_inf_gating_en
                0x000000004021fe0c                ram_restart_cal